Asterisk (*) preceding a constraint indicates it was not met.
   This may be due to a setup or hold violation.

------------------------------------------------------------------------------------------------------
  Constraint                                |  Check  | Worst Case |  Best Case | Timing |   Timing   
                                            |         |    Slack   | Achievable | Errors |    Score   
------------------------------------------------------------------------------------------------------
  Autotimespec constraint for clock net rCl | SETUP   |         N/A|     5.131ns|     N/A|           0
  k                                         | HOLD    |     0.644ns|            |       0|           0
------------------------------------------------------------------------------------------------------
  Autotimespec constraint for clock net CLK | SETUP   |         N/A|     3.886ns|     N/A|           0
  _BUFGP                                    | HOLD    |     0.785ns|            |       0|           0
------------------------------------------------------------------------------------------------------
  Autotimespec constraint for clock net tcl | SETUP   |         N/A|     6.433ns|     N/A|        3176
  k                                         | HOLD    |     1.002ns|            |       0|           0
------------------------------------------------------------------------------------------------------


1 constraint not met.
INFO:Timing:2761 - N/A entries in the Constraints list may indicate that the 
   constraint does not cover any paths or that it has no requested value.


