V3 3
FL F:/college/be/project/Final_tested/xlinx_Files/median_board/median.vhd 2014/05/30.03:24:26 J.36
EN work/sort_1 1401401483 \
      FL F:/college/be/project/Final_tested/xlinx_Files/median_board/median.vhd \
      PB ieee/std_logic_1164 1177545575 PB ieee/std_logic_arith 1177545576 \
      PB ieee/STD_LOGIC_UNSIGNED 1177545583 PB ieee/MATH_REAL 1177545585 \
      PH ieee/NUMERIC_STD 1177545583
AR work/sort_1/behavioural 1401401484 \
      FL F:/college/be/project/Final_tested/xlinx_Files/median_board/median.vhd \
      EN work/sort_1 1401401483
